2026-06-25 11:35:16,673 | INFO | Process to send email. Email Job ID=671
2026-06-25 11:35:16,715 | INFO | Recipients Count => TO=2, CC=3, BCC=0
2026-06-25 11:35:16,715 | INFO | TO: jasmin.babariya@alethelabs.co.in, manali.nagory@pipelineinfra.com
2026-06-25 11:35:16,715 | INFO | CC: bholubabariya48@gmail.com, manager_legal@yahoo.com, support@alethelabs.com
2026-06-25 11:36:21,020 | INFO | Email sent successfully. Subject='New Risk Registered - HR-2363' Recipients=5
2026-06-25 11:38:41,417 | INFO | Process to send email. Email Job ID=672
2026-06-25 11:38:41,439 | INFO | Recipients Count => TO=1, CC=4, BCC=0
2026-06-25 11:38:41,439 | INFO | TO: bholubabariya48@gmail.com
2026-06-25 11:38:41,439 | INFO | CC: support@alethelabs.com, jasmin.babariya@alethelabs.co.in, manager_legal@yahoo.com, manali.nagory@pipelineinfra.com
2026-06-25 11:39:22,394 | INFO | Email sent successfully. Subject='Risk Rejected by Functional Head - HR-2363' Recipients=5
2026-06-25 11:58:45,231 | INFO | Process to send email. Email Job ID=673
2026-06-25 11:58:45,231 | INFO | Recipients Count => TO=2, CC=3, BCC=0
2026-06-25 11:58:45,244 | INFO | TO: manali.nagory@pipelineinfra.com, jasmin.babariya@alethelabs.co.in
2026-06-25 11:58:45,245 | INFO | CC: manager_legal@yahoo.com, support@alethelabs.com, bholubabariya48@gmail.com
2026-06-25 11:58:48,606 | INFO | Email sent successfully. Subject='New Risk Registered - HR-2364' Recipients=5
2026-06-25 11:59:18,681 | INFO | Process to send email. Email Job ID=674
2026-06-25 11:59:18,693 | INFO | Recipients Count => TO=1, CC=4, BCC=0
2026-06-25 11:59:18,696 | INFO | TO: bholubabariya48@gmail.com
2026-06-25 11:59:18,696 | INFO | CC: manager_legal@yahoo.com, support@alethelabs.com, manali.nagory@pipelineinfra.com, jasmin.babariya@alethelabs.co.in
2026-06-25 11:59:21,914 | INFO | Email sent successfully. Subject='Risk Rejected by Functional Head - HR-2364' Recipients=5
2026-06-25 12:00:02,083 | INFO | Process to send email. Email Job ID=675
2026-06-25 12:00:02,090 | INFO | Recipients Count => TO=2, CC=3, BCC=0
2026-06-25 12:00:02,091 | INFO | TO: manali.nagory@pipelineinfra.com, jasmin.babariya@alethelabs.co.in
2026-06-25 12:00:02,092 | INFO | CC: manager_legal@yahoo.com, support@alethelabs.com, bholubabariya48@gmail.com
2026-06-25 12:00:05,936 | INFO | Email sent successfully. Subject='New Risk Registered - HR-2364' Recipients=5
