2026-06-19 10:06:31 | INFO | REQUEST | POST http://localhost:8000/auth/login | BODY: HIDDEN
2026-06-19 10:06:31 | INFO | RESPONSE | POST http://localhost:8000/auth/login | STATUS: 200 | TIME: 0.2573s | BODY: {"data":{"id":9,"password":"1234","first_name":"risk","last_name":"manager","logid":"risk_manager","created_on":"2026-02-25T11:33:18.195745","department_id":20,"role_id":28,"user_type_id":5,"user_type":"Risk Manager","access_token":"eyJhbGciOiJIUzI1NiIsInR5cCI6IkpXVCJ9.eyJpZCI6OSwibG9naWQiOiJyaXNrX21hbmFnZXIiLCJyb2xlX2lkIjoyOCwiZGVwdF9pZCI6MjAsInVzZXJfdHlwZV9uYW1lIjoiUmlzayBNYW5hZ2VyIiwiZXhwIjoxNzgxODQ3MzkxfQ.lWBhIk9ZG-mM5zhiiRLDAkLKNHVCrPUhEAMmZxH-xBA","token_type":"bearer"},"Error":{"Error":false,"Error_message":"Success","Error_Code":200}}
2026-06-19 10:07:11 | INFO | REQUEST | POST http://localhost:8000/approval/approve | BODY: {
  "risk_register_id": 4257,
  "approval_level": 2,
  "approval_status_id": 8,
  "remark": "Reject"
}
2026-06-19 10:07:12 | INFO | RESPONSE | POST http://localhost:8000/approval/approve | STATUS: 200 | TIME: 0.3825s | BODY: {"data":{"risk_register_id":4257,"approval_level":2,"approval_status_id":8,"approval_status_name":"Rejected","risk_status_id":23,"risk_status_name":"Pending for Action","approval_by_name":"risk_manager","risk_approval_on":"2026-06-19","remark":"Reject"},"Error":{"Error":false,"Error_message":"Success","Error_Code":200}}
2026-06-19 10:24:22 | INFO | REQUEST | POST http://localhost:8000/approval/approve | BODY: {
  "risk_register_id": 4267,
  "approval_level": 2,
  "approval_status_id": 8,
  "remark": "Reject"
}
2026-06-19 10:24:22 | INFO | RESPONSE | POST http://localhost:8000/approval/approve | STATUS: 200 | TIME: 0.3258s | BODY: {"data":{"risk_register_id":4267,"approval_level":2,"approval_status_id":8,"approval_status_name":"Rejected","risk_status_id":23,"risk_status_name":"Pending for Action","approval_by_name":"risk_manager","risk_approval_on":"2026-06-19","remark":"Reject"},"Error":{"Error":false,"Error_message":"Success","Error_Code":200}}
2026-06-19 10:39:13 | INFO | REQUEST | POST http://localhost:8000/approval/approve | BODY: {
  "risk_register_id": 4269,
  "approval_level": 1,
  "approval_status_id": 8,
  "remark": "Reject"
}
2026-06-19 10:39:13 | INFO | RESPONSE | POST http://localhost:8000/approval/approve | STATUS: 200 | TIME: 0.2821s | BODY: {"data":{"risk_register_id":4269,"approval_level":1,"approval_status_id":8,"approval_status_name":"Rejected","risk_status_id":23,"risk_status_name":"Pending for Action","approval_by_name":"risk_manager","risk_approval_on":"2026-06-19","remark":"Reject"},"Error":{"Error":false,"Error_message":"Success","Error_Code":200}}
2026-06-19 10:42:32 | INFO | REQUEST | POST http://localhost:8000/approval/approve | BODY: {
  "risk_register_id": 4269,
  "approval_level": 1,
  "approval_status_id": 7,
  "remark": "Approved"
}
2026-06-19 10:42:32 | INFO | RESPONSE | POST http://localhost:8000/approval/approve | STATUS: 200 | TIME: 0.1054s | BODY: {"data":{"risk_register_id":4269,"approval_level":1,"approval_status_id":7,"approval_status_name":"Approved","risk_status_id":9,"risk_status_name":"Open","approval_by_name":"risk_manager","risk_approval_on":"2026-06-19","remark":"Approved"},"Error":{"Error":false,"Error_message":"Success","Error_Code":200}}
2026-06-19 10:44:07 | INFO | REQUEST | POST http://localhost:8000/approval/approve | BODY: {
  "risk_register_id": 4269,
  "approval_level": 2,
  "approval_status_id": 8,
  "remark": "Reject"
}
2026-06-19 10:44:07 | INFO | RESPONSE | POST http://localhost:8000/approval/approve | STATUS: 200 | TIME: 0.0827s | BODY: {"data":{"risk_register_id":4269,"approval_level":2,"approval_status_id":8,"approval_status_name":"Rejected","risk_status_id":23,"risk_status_name":"Pending for Action","approval_by_name":"risk_manager","risk_approval_on":"2026-06-19","remark":"Reject"},"Error":{"Error":false,"Error_message":"Success","Error_Code":200}}
2026-06-19 10:46:45 | INFO | REQUEST | POST http://localhost:8000/approval/approve | BODY: {
  "risk_register_id": 4269,
  "approval_level": 1,
  "approval_status_id": 7,
  "remark": "Approved"
}
2026-06-19 10:46:46 | INFO | RESPONSE | POST http://localhost:8000/approval/approve | STATUS: 200 | TIME: 0.1211s | BODY: {"data":{"risk_register_id":4269,"approval_level":1,"approval_status_id":7,"approval_status_name":"Approved","risk_status_id":9,"risk_status_name":"Open","approval_by_name":"risk_manager","risk_approval_on":"2026-06-19","remark":"Approved"},"Error":{"Error":false,"Error_message":"Success","Error_Code":200}}
2026-06-19 10:46:52 | INFO | REQUEST | POST http://localhost:8000/approval/approve | BODY: {
  "risk_register_id": 4269,
  "approval_level": 2,
  "approval_status_id": 7,
  "remark": "Approved"
}
2026-06-19 10:46:52 | INFO | RESPONSE | POST http://localhost:8000/approval/approve | STATUS: 200 | TIME: 0.1090s | BODY: {"data":{"risk_register_id":4269,"approval_level":2,"approval_status_id":7,"approval_status_name":"Approved","risk_status_id":9,"risk_status_name":"Open","approval_by_name":"risk_manager","risk_approval_on":"2026-06-19","remark":"Approved"},"Error":{"Error":false,"Error_message":"Success","Error_Code":200}}
2026-06-19 10:50:10 | INFO | REQUEST | POST http://localhost:8000/approval/approve | BODY: {
  "risk_register_id": 4269,
  "approval_level": 3,
  "approval_status_id": 8,
  "remark": "Reject"
}
2026-06-19 10:50:10 | INFO | RESPONSE | POST http://localhost:8000/approval/approve | STATUS: 200 | TIME: 0.0767s | BODY: {"data":{"risk_register_id":4269,"approval_level":3,"approval_status_id":8,"approval_status_name":"Rejected","risk_status_id":23,"risk_status_name":"Pending for Action","approval_by_name":"risk_manager","risk_approval_on":"2026-06-19","remark":"Reject"},"Error":{"Error":false,"Error_message":"Success","Error_Code":200}}
2026-06-19 10:53:03 | INFO | REQUEST | POST http://localhost:8000/approval/approve | BODY: {
  "risk_register_id": 4269,
  "approval_level": 1,
  "approval_status_id": 7,
  "remark": "Approved"
}
2026-06-19 10:53:03 | INFO | RESPONSE | POST http://localhost:8000/approval/approve | STATUS: 200 | TIME: 0.1094s | BODY: {"data":{"risk_register_id":4269,"approval_level":1,"approval_status_id":7,"approval_status_name":"Approved","risk_status_id":9,"risk_status_name":"Open","approval_by_name":"risk_manager","risk_approval_on":"2026-06-19","remark":"Approved"},"Error":{"Error":false,"Error_message":"Success","Error_Code":200}}
2026-06-19 10:53:10 | INFO | REQUEST | POST http://localhost:8000/approval/approve | BODY: {
  "risk_register_id": 4269,
  "approval_level": 2,
  "approval_status_id": 7,
  "remark": "Approved"
}
2026-06-19 10:53:10 | INFO | RESPONSE | POST http://localhost:8000/approval/approve | STATUS: 200 | TIME: 0.2044s | BODY: {"data":{"risk_register_id":4269,"approval_level":2,"approval_status_id":7,"approval_status_name":"Approved","risk_status_id":9,"risk_status_name":"Open","approval_by_name":"risk_manager","risk_approval_on":"2026-06-19","remark":"Approved"},"Error":{"Error":false,"Error_message":"Success","Error_Code":200}}
2026-06-19 10:53:18 | INFO | REQUEST | POST http://localhost:8000/approval/approve | BODY: {
  "risk_register_id": 4269,
  "approval_level": 3,
  "approval_status_id": 7,
  "remark": "Approved"
}
2026-06-19 10:53:18 | INFO | RESPONSE | POST http://localhost:8000/approval/approve | STATUS: 400 | TIME: 0.1158s | BODY: {"data":null,"Error":{"Error":true,"Error_message":"name 'to_emails' is not defined","Error_Code":400}}
2026-06-19 10:54:04 | INFO | REQUEST | POST http://localhost:8000/approval/approve | BODY: {
  "risk_register_id": 4269,
  "approval_level": 3,
  "approval_status_id": 7,
  "remark": "Approved"
}
2026-06-19 10:54:04 | INFO | RESPONSE | POST http://localhost:8000/approval/approve | STATUS: 400 | TIME: 0.0953s | BODY: {"data":null,"Error":{"Error":true,"Error_message":"name 'to_emails' is not defined","Error_Code":400}}
2026-06-19 10:54:17 | INFO | REQUEST | POST http://localhost:8000/approval/approve | BODY: {
  "risk_register_id": 4269,
  "approval_level": 3,
  "approval_status_id": 7,
  "remark": "Approved"
}
2026-06-19 10:54:17 | INFO | RESPONSE | POST http://localhost:8000/approval/approve | STATUS: 400 | TIME: 0.3494s | BODY: {"data":null,"Error":{"Error":true,"Error_message":"name 'to_emails' is not defined","Error_Code":400}}
2026-06-19 10:56:33 | INFO | REQUEST | POST http://localhost:8000/approval/approve | BODY: {
  "risk_register_id": 4269,
  "approval_level": 3,
  "approval_status_id": 7,
  "remark": "Approved"
}
2026-06-19 10:56:33 | INFO | RESPONSE | POST http://localhost:8000/approval/approve | STATUS: 400 | TIME: 0.3922s | BODY: {"data":null,"Error":{"Error":true,"Error_message":"name 'to_emails' is not defined","Error_Code":400}}
2026-06-19 11:19:32 | INFO | REQUEST | POST http://localhost:8000/approval/approve | BODY: {
  "risk_register_id": 4269,
  "approval_level": 3,
  "approval_status_id": 7,
  "remark": "Approved"
}
2026-06-19 11:19:32 | INFO | RESPONSE | POST http://localhost:8000/approval/approve | STATUS: 401 | TIME: 0.0006s | BODY: {"data":null,"Error":{"Success":false,"Error_message":"Invalid or expired token","Code":401}}
2026-06-19 11:19:49 | INFO | REQUEST | POST http://localhost:8000/auth/login | BODY: HIDDEN
2026-06-19 11:19:50 | INFO | RESPONSE | POST http://localhost:8000/auth/login | STATUS: 200 | TIME: 0.2591s | BODY: {"data":{"id":10,"password":"1234","first_name":"risk","last_name":"head","logid":"risk_head","created_on":"2026-03-25T10:57:15.419390","department_id":20,"role_id":29,"user_type_id":6,"user_type":"Risk Head","access_token":"eyJhbGciOiJIUzI1NiIsInR5cCI6IkpXVCJ9.eyJpZCI6MTAsImxvZ2lkIjoicmlza19oZWFkIiwicm9sZV9pZCI6MjksImRlcHRfaWQiOjIwLCJ1c2VyX3R5cGVfbmFtZSI6IlJpc2sgSGVhZCIsImV4cCI6MTc4MTg1MTc5MH0.wk3leIKyCs6KuDFRSD7Che-ox52T8_3WSXUdfXMh1kU","token_type":"bearer"},"Error":{"Error":false,"Error_message":"Success","Error_Code":200}}
2026-06-19 11:20:10 | INFO | REQUEST | POST http://localhost:8000/approval/approve | BODY: {
  "risk_register_id": 4269,
  "approval_level": 3,
  "approval_status_id": 7,
  "remark": "Approved"
}
2026-06-19 11:20:10 | INFO | RESPONSE | POST http://localhost:8000/approval/approve | STATUS: 200 | TIME: 0.2528s | BODY: {"data":{"risk_register_id":4269,"approval_level":3,"approval_status_id":7,"approval_status_name":"Approved","risk_status_id":9,"risk_status_name":"Open","approval_by_name":"risk_head","risk_approval_on":"2026-06-19","remark":"Approved"},"Error":{"Error":false,"Error_message":"Success","Error_Code":200}}
2026-06-19 11:55:14 | INFO | REQUEST | POST http://localhost:8000/approval/approve | BODY: {
  "risk_register_id": 4269,
  "approval_level": 3,
  "approval_status_id": 7,
  "remark": "Approved"
}
2026-06-19 11:56:12 | INFO | RESPONSE | POST http://localhost:8000/approval/approve | STATUS: 400 | TIME: 58.0015s | BODY: {"data":null,"Error":{"Error":true,"Error_message":"set() takes no keyword arguments","Error_Code":400}}
2026-06-19 11:56:26 | INFO | REQUEST | POST http://localhost:8000/approval/approve | BODY: {
  "risk_register_id": 4269,
  "approval_level": 3,
  "approval_status_id": 7,
  "remark": "Approved"
}
2026-06-19 11:56:26 | INFO | RESPONSE | POST http://localhost:8000/approval/approve | STATUS: 400 | TIME: 0.4005s | BODY: {"data":null,"Error":{"Error":true,"Error_message":"set() takes no keyword arguments","Error_Code":400}}
2026-06-19 11:57:46 | INFO | REQUEST | POST http://localhost:8000/approval/approve | BODY: {
  "risk_register_id": 4269,
  "approval_level": 3,
  "approval_status_id": 7,
  "remark": "Approved"
}
2026-06-19 11:57:46 | INFO | RESPONSE | POST http://localhost:8000/approval/approve | STATUS: 400 | TIME: 0.1288s | BODY: {"data":null,"Error":{"Error":true,"Error_message":"set() takes no keyword arguments","Error_Code":400}}
2026-06-19 12:01:24 | INFO | REQUEST | POST http://localhost:8000/approval/approve | BODY: {
  "risk_register_id": 4269,
  "approval_level": 3,
  "approval_status_id": 7,
  "remark": "Approved"
}
2026-06-19 12:01:25 | INFO | RESPONSE | POST http://localhost:8000/approval/approve | STATUS: 200 | TIME: 0.5669s | BODY: {"data":{"risk_register_id":4269,"approval_level":3,"approval_status_id":7,"approval_status_name":"Approved","risk_status_id":9,"risk_status_name":"Open","approval_by_name":"risk_head","risk_approval_on":"2026-06-19","remark":"Approved"},"Error":{"Error":false,"Error_message":"Success","Error_Code":200}}
